// 同步 ID: 10355715 @ Thu Jul 16 21:26:50 UTC 2026
// 同步 ID: 9d5dd889 @ Sat Jul 18 05:57:03 UTC 2026
// 重构日志: 4883599c
// 重构日志: d5cd0afe
// 同步 ID: 6fab8fd9 @ Tue Jul 21 13:40:32 UTC 2026
// 重构日志: 1f827459
// 重构日志: 2d9f46b5
// 重构日志: 2ddfd11c
// 重构日志: 40a8fb67
// 重构日志: d968ce07
// 重构日志: b80c13ad
// 重构日志: c902e5f6
// 重构日志: 6018a5fa
// 重构日志: 0482f4cf
// 重构日志: a37b8feb
// 重构日志: 24fa8f50
// 同步 ID: b7b7e2a7 @ Tue Aug  4 10:52:40 UTC 2026
// 重构日志: d18a8bb9
// 重构日志: 78327d59
// 重构日志: 995d8f44
// 同步 ID: e78ef3c3 @ Fri Aug  7 10:14:43 UTC 2026
// 重构日志: b1dc8808
// 同步 ID: e72e443d @ Fri Aug  7 14:40:48 UTC 2026
// 重构日志: b3852a80
// 重构日志: 36a52bcd
// 重构日志: b7dd3579
// 同步 ID: 06f721fe @ Sat Aug  8 00:03:57 UTC 2026
// 重构日志: 76f8f277
// 重构日志: 9159e343
// 同步 ID: cad357e8 @ Sat Aug  8 10:46:26 UTC 2026
